▲ Next.js 16.3.4 (Turbopack)
- Local:         http://localhost:3001
- Network:       http://192.168.2.149:3001
✓ Ready in 462ms
✓ Running next.config.js took 16ms

React does not recognize the `willChange` prop on a DOM element. If you intentionally want it to appear in the DOM as a custom attribute, spell it as lowercase `willchange` instead. If you accidentally passed it from a parent component, remove it from the DOM element.
 GET / 200 in 322ms (next.js: 154ms, application-code: 168ms)
 GET / 200 in 49ms (next.js: 6ms, application-code: 43ms)
[browser] React does not recognize the `willChange` prop on a DOM element. If you intentionally want it to appear in the DOM as a custom attribute, spell it as lowercase `willchange` instead. If you accidentally passed it from a parent component, remove it from the DOM element. 
 GET / 200 in 261ms (next.js: 19ms, application-code: 242ms)
[browser] React does not recognize the `willChange` prop on a DOM element. If you intentionally want it to appear in the DOM as a custom attribute, spell it as lowercase `willchange` instead. If you accidentally passed it from a parent component, remove it from the DOM element. 
✓ Compiled in 99ms
 GET / 200 in 82ms (next.js: 30ms, application-code: 52ms)
 GET / 200 in 24ms (next.js: 8ms, application-code: 16ms)
✓ Compiled in 36ms
 GET / 200 in 47ms (next.js: 6ms, application-code: 41ms)
[browser] React does not recognize the `willChange` prop on a DOM element. If you intentionally want it to appear in the DOM as a custom attribute, spell it as lowercase `willchange` instead. If you accidentally passed it from a parent component, remove it from the DOM element. 
 GET / 200 in 47ms (next.js: 11ms, application-code: 35ms)
 GET / 200 in 20ms (next.js: 5ms, application-code: 14ms)
✓ Compiled in 67ms
 GET / 200 in 40ms (next.js: 11ms, application-code: 30ms)
 GET / 200 in 17ms (next.js: 5ms, application-code: 12ms)
✓ Compiled in 94ms
✓ Compiled in 46ms
 GET / 200 in 44ms (next.js: 4ms, application-code: 39ms)
[browser] React does not recognize the `willChange` prop on a DOM element. If you intentionally want it to appear in the DOM as a custom attribute, spell it as lowercase `willchange` instead. If you accidentally passed it from a parent component, remove it from the DOM element. 
 GET / 200 in 44ms (next.js: 4ms, application-code: 40ms)
[browser] React does not recognize the `willChange` prop on a DOM element. If you intentionally want it to appear in the DOM as a custom attribute, spell it as lowercase `willchange` instead. If you accidentally passed it from a parent component, remove it from the DOM element. 
 GET / 200 in 219ms (next.js: 14ms, application-code: 206ms)
[browser] React does not recognize the `willChange` prop on a DOM element. If you intentionally want it to appear in the DOM as a custom attribute, spell it as lowercase `willchange` instead. If you accidentally passed it from a parent component, remove it from the DOM element. 
⚠ Found a change in next.config.js. Restarting the server to apply the changes...
▲ Next.js 16.3.4 (Turbopack)
- Local:         http://localhost:3001
- Network:       http://192.168.2.149:3001
✓ Ready in 4.6s
✓ Running next.config.js took 20ms

React does not recognize the `willChange` prop on a DOM element. If you intentionally want it to appear in the DOM as a custom attribute, spell it as lowercase `willchange` instead. If you accidentally passed it from a parent component, remove it from the DOM element.
 GET / 200 in 3.1s (next.js: 2.7s, application-code: 338ms)
 GET / 200 in 3.1s (next.js: 2.7s, application-code: 385ms)
[browser] React does not recognize the `willChange` prop on a DOM element. If you intentionally want it to appear in the DOM as a custom attribute, spell it as lowercase `willchange` instead. If you accidentally passed it from a parent component, remove it from the DOM element. 
 GET / 200 in 64ms (next.js: 19ms, application-code: 45ms)
[browser] React does not recognize the `willChange` prop on a DOM element. If you intentionally want it to appear in the DOM as a custom attribute, spell it as lowercase `willchange` instead. If you accidentally passed it from a parent component, remove it from the DOM element. 
✓ Compiled in 135ms
 GET / 200 in 69ms (next.js: 18ms, application-code: 51ms)
 GET / 200 in 23ms (next.js: 7ms, application-code: 16ms)
 GET / 200 in 44ms (next.js: 9ms, application-code: 35ms)
 GET / 200 in 21ms (next.js: 5ms, application-code: 16ms)
✓ Compiled in 49ms
 GET / 200 in 42ms (next.js: 10ms, application-code: 33ms)
 GET / 200 in 19ms (next.js: 5ms, application-code: 14ms)
✓ Compiled in 73ms
✓ Compiled in 34ms
✓ Compiled in 64ms
 GET / 200 in 52ms (next.js: 17ms, application-code: 35ms)
 GET / 200 in 52ms (next.js: 34ms, application-code: 18ms)
✓ Compiled in 93ms
 GET / 200 in 53ms (next.js: 18ms, application-code: 35ms)
 GET / 200 in 52ms (next.js: 33ms, application-code: 19ms)
[browser] React does not recognize the `willChange` prop on a DOM element. If you intentionally want it to appear in the DOM as a custom attribute, spell it as lowercase `willchange` instead. If you accidentally passed it from a parent component, remove it from the DOM element. 
 GET / 200 in 254ms (next.js: 15ms, application-code: 239ms)
[browser] React does not recognize the `willChange` prop on a DOM element. If you intentionally want it to appear in the DOM as a custom attribute, spell it as lowercase `willchange` instead. If you accidentally passed it from a parent component, remove it from the DOM element. 
✓ Compiled in 317ms
 GET / 200 in 278ms (next.js: 62ms, application-code: 216ms)
 GET / 200 in 139ms (next.js: 31ms, application-code: 108ms)
✓ Compiled in 37ms
 GET / 200 in 42ms (next.js: 15ms, application-code: 27ms)
 GET / 200 in 43ms (next.js: 28ms, application-code: 16ms)
 GET / 200 in 36ms (next.js: 12ms, application-code: 24ms)
 GET / 200 in 36ms (next.js: 23ms, application-code: 13ms)
✓ Compiled in 75ms
 GET / 200 in 55ms (next.js: 7ms, application-code: 49ms)
[browser] React does not recognize the `willChange` prop on a DOM element. If you intentionally want it to appear in the DOM as a custom attribute, spell it as lowercase `willchange` instead. If you accidentally passed it from a parent component, remove it from the DOM element. 
 GET / 200 in 82ms (next.js: 8ms, application-code: 74ms)
[browser] React does not recognize the `willChange` prop on a DOM element. If you intentionally want it to appear in the DOM as a custom attribute, spell it as lowercase `willchange` instead. If you accidentally passed it from a parent component, remove it from the DOM element. 
✓ Compiled in 75ms
 GET / 200 in 93ms (next.js: 11ms, application-code: 82ms)
 GET / 200 in 61ms (next.js: 7ms, application-code: 54ms)
 GET / 200 in 55ms (next.js: 30ms, application-code: 25ms)
✓ Compiled in 68ms
 GET / 200 in 102ms (next.js: 17ms, application-code: 84ms)
 GET / 200 in 102ms (next.js: 29ms, application-code: 72ms)
 GET / 200 in 49ms (next.js: 12ms, application-code: 37ms)
 GET / 200 in 71ms (next.js: 12ms, application-code: 59ms)
 GET / 200 in 48ms (next.js: 7ms, application-code: 41ms)
 GET / 200 in 24ms (next.js: 7ms, application-code: 17ms)
✓ Compiled in 58ms
 GET / 200 in 53ms (next.js: 8ms, application-code: 45ms)
[browser] React does not recognize the `willChange` prop on a DOM element. If you intentionally want it to appear in the DOM as a custom attribute, spell it as lowercase `willchange` instead. If you accidentally passed it from a parent component, remove it from the DOM element. 
 GET / 200 in 90ms (next.js: 10ms, application-code: 79ms)
 GET / 200 in 64ms (next.js: 7ms, application-code: 58ms)
 GET / 200 in 39ms (next.js: 6ms, application-code: 33ms)
 GET / 200 in 22ms (next.js: 5ms, application-code: 16ms)
✓ Compiled in 50ms
✓ Compiled in 40ms
 GET / 200 in 87ms (next.js: 12ms, application-code: 76ms)
 GET / 200 in 88ms (next.js: 32ms, application-code: 56ms)
 GET / 200 in 36ms (next.js: 20ms, application-code: 17ms)
 GET / 200 in 37ms (next.js: 9ms, application-code: 28ms)
✓ Compiled in 58ms
 GET / 200 in 94ms (next.js: 30ms, application-code: 64ms)
 GET / 200 in 94ms (next.js: 44ms, application-code: 50ms)
 GET / 200 in 35ms (next.js: 8ms, application-code: 27ms)
 GET / 200 in 35ms (next.js: 20ms, application-code: 15ms)
✓ Compiled in 29ms
 GET / 200 in 87ms (next.js: 13ms, application-code: 75ms)
 GET / 200 in 88ms (next.js: 24ms, application-code: 64ms)
 GET / 200 in 49ms (next.js: 29ms, application-code: 19ms)
 GET / 200 in 50ms (next.js: 16ms, application-code: 33ms)
✓ Compiled in 46ms
 GET / 200 in 77ms (next.js: 17ms, application-code: 61ms)
 GET / 200 in 77ms (next.js: 29ms, application-code: 48ms)
 GET / 200 in 35ms (next.js: 5ms, application-code: 30ms)
 GET / 200 in 35ms (next.js: 21ms, application-code: 13ms)
